components/avatar/ItemGrid.tsx(72,12): error TS2304: Cannot find name 'TextureFilters'.
components/avatar/ItemGrid.tsx(84,12): error TS2304: Cannot find name 'ItemPreview'.
lib/avatar/parts/hair.tsx(866,37): error TS2552: Cannot find name 'longStraightLayeredFront'. Did you mean 'longStraightLayeredBack'?
